A-P;term=anteroposterior
A/P;term=anteroposterior
AAL;term=anterior axillary line
abd;term=abdomen
ACL;term=anterior cruciate ligament
AGC;term=atypical glandular cells
ANS;term=autonomic nervous system
AP;term=anteroposterior
ASIS;term=anterior superior iliac spine
aur;term=ear
AV;term=arteriovenous
ax;term=axillary
BAT;term=brown adipose tissue
BBB;term=blood–brain barrier
C-1;term=atlas
C-2;term=axis
C-spine;term=cervical spine
C1;term=atlas
C2;term=axis
CN;term=cranial nerves
csf;term=cerebrospinal fluid
DP;term=dorsalis pedis
DTA;term=descending thoracic aorta
EAC;term=external acoustic meatus
EGBUS;term=external genitalia
EOM;term=extraocular muscles
Ext;term=extremities
FDC;term=follicular dendritic cells
fem;term=femoral
GB;term=gallbladder
GDA;term=gastroduodenal artery
GI;term=gastrointestinal tract
GIT;term=gastrointestinal tract
HPA;term=hypothalamic-pituitary-adrenal axis
HTPA;term=hypothalamic-pituitary-adrenal axis
ICS;term=intercostal space
IMA;term=inferior mesenteric artery
IP;term=interphalangeal joint
IVC;term=inferior vena cava
LAD;term=left anterior descending
lat;term=lateral
LCA;term=left coronary artery
LCX;term=left circumflex artery
LE;term=lower extremity
LES;term=lower esophageal sphincter
Lig;term=ligament
LLE;term=left lower extremity
LLL;term=left lower lobe
LLQ;term=left lower quadrant
LM;term=left main
LMCA;term=left main coronary artery
LN;term=lymph node
LSB;term=left sternal border
LUL;term=left upper lobe
LUQ;term=left upper quadrant
LUS;term=lower uterine segment
LV;term=left ventricle
LVOT;term=left ventricular outflow track
MAL;term=midaxillary line
MALT;term=mucosa-associated lymphoid tissue
MC;term=metacarpal bone
MCP;term=metacarpophalangeal joint
MPD;term=Main Pancreatic Duct
MT;term=metatarsal bone
MTP;term=metatarsalphalangeal joint
OD;term=right eye
OS;term=left eye
PA;term=posterior-anterior
PAL;term=posterior axillary line
PCL;term=posterior cruciate ligament
PIP;term=proximal interphalangeal joint
PSIS;term=posterior superior iliac spine
RCA;term=right coronary artery
RLE;term=right lower extremity
RLL;term=right lower lobe
RLN;term=recurrent laryngeal nerve
RLQ;term=right lower quadrant
RML;term=right middle lobe of lung
RUE;term=right upper extremity
RUL;term=right upper lobe of lung
RUQ;term=right upper quadrant
SA;term=sinoatrial node
SAN;term=sinoatrial node
SB;term=small bowel
Segs;term=segmented cells
SFA;term=superficial femoral artery
SMV;term=superior mesenteric vein
SVC;term=superior vena cava
Tib-Fib;term=tibia and fibula
TM;term=tympanic membrane
TMJ;term=temporomandibular joint
UE;term=upper extremity
UUS;term=upper uterine segment
Vag;term=vaginal
WAT;term=white adipose tissue
WC;term=white cells
