A&O;term=aware and oriented
A & O;term=aware and oriented
A&Ox3;term=alert and oriented to person, place, and time
A & O x3;term=alert and oriented to person, place, and time
A&Ox4;term=alert and oriented to person, place, time, and circumstances
A & O x4;term=alert and oriented to person, place, time, and circumstances
A&P;term=auscultation and percussion
A & P;term=auscultation and percussion
A1C;term=glycosylated hemoglobin
AAOx3;term=awake, alert, and oriented, times 3
ab;term=antibody
Ab;term=antibody
ABC;term=airway, breathing, circulation
ABCD;term=airway, breathing, circulation, disability
ABG;term=arterial blood gas
ABO;term=Landsteiner's blood grouping system
ABPI;term=ankle brachial pressure index
AC&BC;term=air conduction and bone conduction
AC & BC;term=air conduction and bone conduction
AC;term=abdominal circumference
Ac;term=actinium
acc;term=accommodation
Acc;term=accommodation
ACh;term=acetylcholine
AChE;term=acetylcholine esterase
ADA;term=adenosine deaminase
ADH;term=antidiuretic hormone
ADP;term=adenosine diphosphate
AF-AFP;term=amniotic fluid alpha fetoprotein
AFI;term=amniotic fluid index
AFNTR;term=acute febrile nonhemolytic transfusion reaction
AFP;term=alpha-fetoprotein
ag;term=antigen
Ag;term=antigen
AGA;term=anti-gliadin antibodies
AGES criteria;term=age, grade, extent, size
AHF;term=antihemophilic factor
AHH;term=aryl hydrocarbon hydroxylase
AHT;term=antihyaluronic acid test
Al;term=aluminium
ALA;term=aminolevulinic acid
ALP;term=alkaline phosphatase
ALT;term=alanine transaminase
AMP;term=adenosine monophosphate
AMPA receptor;term=alpha-amino-3-hydroxy-5-methyl-4-isoxazolepropionic acid receptor of the brain
ANA;term=antinuclear antibody
ANCA;term=antineutrophil cytoplasmic antibody
ANF;term=atrial natriuretic factor
ANP;term=atrial natriuretic peptide
ANTR;term=asymmetrical tonic neck reflex
APACHE II;term=Acute Physiology and Chronic Health Evaluation II
APGAR;term=appearance, pulse, grimace, activity, respiration
aPTT;term=activated partial thromboplastin time
aq;term=water
AROM;term=active range of motion
ASO;term=antistreptolysin-O
ASOT;term=antistreptolysin-O titre
ASPECTS;term=Alberta Stroke Program Early CT Score
AST;term=aspartate transaminase
AT-III;term=antithrombin III
AT;term=antithrombin
ATNR;term=asymmetrical tonic neck reflex
ATS;term=antitetanus immunoglobulins
Au;term=gold
AUC;term=area under the curve
AXR;term=abdominal x-ray
Ba;term=barium
BAC;term=blood alcohol content
BAL;term=bronchoalveolar lavage
BBT;term=basal body temperature
BCG;term=bacille Calmette-Guerin
bcx;term=blood culture
Bcx;term=blood culture
BDI;term=Beck Depression Inventory
BE;term=barium enema
BGL;term=blood glucose level
BiPAP;term=bilevel positive airway pressure
BiVAD;term=bilateral ventricular assist device
BMC;term=bone mineral content
BMD;term=bone mineral density
BMI;term=body mass index
BMP;term=blood metabolic profile
BMR;term=basal metabolic rate
BNP;term=brain natriuretic peptide
bp;term=blood pressure
Bp;term=blood pressure
BP;term=blood pressure
BPD;term=biparietal diameter
BPP;term=biophysical profile
Br;term=bromine
BS;term=breath sounds
BSL;term=blood sugar level
bun;term=blood urea nitrogen
BUN;term=blood urea nitrogen
BW;term=blood work
bx;term=biopsy
Bx;term=biopsy
C&S;term=culture and sensitivity
C & S;term=culture and sensitivity
Ca;term=calcium
CALLA;term=common acute lymphocytic leukemia antigen
cAMP;term=cyclic adenosine monophosphate
CAT;term=computed axial tomography
CBC;term=complete blood cout
CBE;term=clinical breast exam
CCK-PZ;term=cholecystokinin-pancreozymin
CCK;term=cholecystokinin
CCP;term=cyclic citrullinated peptide
CD-3;term=CD3 Expressing T Cell Count
CD-4;term=CD4 Expressing T Cell Count
Cd;term=cadmium
CDP;term=cytosine diphosphate
CEA;term=carcinoembryonic antigen
CFA;term=colonization factor antigen
CFTR;term=cystic fibrosis transmembrane conductance regulator
CFU;term=colony forming unit
cGMP;term=cyclic guanosine monophosphate
CHE;term=cholinesterase
CHO;term=carbohydrate
Chol;term=cholesterol
CK;term=creatine kinase
CKMB;term=MB isoenzyme of creatine kinase
Cl;term=chlorine
CMP;term=complete metabolic profile
CO;term=cardiac output
Co;term=cobalt
CO2;term=CO2
COX-1;term=cyclooxygenase 1
COX-2;term=cyclooxygenase 2
COX-3;term=cyclooxygenase 3
CPK;term=creatine phosphokinase
Cr;term=creatinine
CrCl;term=creatinine clearance
creat;term=creatinine
Creat;term=creatinine
CsA;term=cyclosporin A
CSF;term=cerebrospinal fluid
CT;term=computed tomography
CTA;term=clear to auscultation
CTP;term=cytosine triphosphate
CTS;term=computed tomography scan
Cu;term=copper
cx;term=microbial culture
Cx;term=microbial culture
DA;term=dopamine
DAF;term=decay accelerating factor
DBP;term=diastolic blood pressure
dd;term=differential diagnosis
DD;term=differential diagnosis
DDAVP;term=desmopressin acetate
ddx;term=differential diagnosis
DEXA;term=Dual energy X-ray absorptiometry
DHEA-S;term=dehydroepiandrosterone sulphate
DHR;term=dihydrorhodamine
DHT;term=dihydrotestosterone
DLCO;term=diffusing capacity of the lung for carbon monoxide
DMSA;term=dimercaptosuccinic acid
DMT;term=dimethyltryptamine
DP;term=dorsalis pedis
DSA;term=digital subtraction angiography
DTR;term=deep tendon reflex
EAF;term=enteric adherence factor
EBT;term=electron beam tomography
ECF;term=extracellular fluid
ECG;term=electrocardiogram
EDF;term=end diastolic flow
EDTA;term=ethylene-diamine-tetraacetic acid
EDV;term=end-diastolic volume
EEG;term=electroencephalogram
EENT;term=ears, eyes, nose, throat
EEX;term=electrodiagnosis
EF;term=ejection fraction
EFW;term=estimated fetal weight
EGF;term=epidermal growth factor
EJ;term=triceps reflex
EKG;term=electrocardiogram
ELISA;term=enzyme-linked immunosorbent assay
EMB;term=ethambutol
EmBx;term=endometrial biopsy
EMG;term=electromyography
EMU;term=early morning urine sample
ENT;term=ear, nose, and throat
EOMI;term=extraocular movements intact
EPCT;term=estrogen-progesterone challenge test
EPO;term=erythropoietin
ERCP;term=endoscopic retrograde cholangiopancreatography
ESBL;term=extended spectrum beta-lactamase
ESR;term=erythrocyte sedimentation rate
ESV;term=end-systolic volume
ET;term=endothelin
EUS;term=endoscopic ultrasonography
EVF;term=erythrocyte volume fraction
Exam;term=examination
F to N;term=finger-to-nose test
f/u;term=follow-up
FANA;term=fluorescent antinuclear antibody test
FAST;term=focused assessment with sonography for trauma
FBC;term=full blood count
FBE;term=full blood exam
FBG;term=fasting blood glucose
FBS;term=fasting blood sugar
FDP;term=fibrin degradation product
Fe;term=iron
FEF25-75;term=forced expiratory flow at 25-75% of forced vital capacity
FEP;term=free erythrocyte protoporphyrin
FEV1;term=forced expiratory volume in 1 second
FFA;term=free fatty acids
FHR;term=fetal heart rate
FHS;term=fetal heart sound
FHT;term=fetal heart tones
FISH;term=fluorescence in situ hybridization
FL;term=femur length
FM;term=fetal movement
FMF;term=fetal movements felt
fMRI;term=functional magnetic resonance imaging
FNA;term=fine-needle aspiration
FNAB;term=fine-needle aspiration biopsy
FNAC;term=fine-needle aspiration cytology
FOBT;term=fecal occult blood test
FPG;term=fasting plasma glucose
FROM;term=full range of motion
FSBS;term=finger-stick blood sugar
FSE;term=fetal scalp electrode
FSH;term=follicle-stimulating hormone
FTA-ABS;term=fluorescent treponemal antibody absorption
FTA;term=fluorescent treponemal antibody
FVC;term=forced vital capacity
G-CSF;term=granulocyte colony-stimulating factor
G6PD;term=glucose-6-phosphate-dehydrogenase
GABA;term=gamma-aminobutyric acid
gc;term=general condition
GCS;term=Glasgow Coma Scale
GCT;term=glucose challenge test
GDLH;term=glutamate dehydrogenase
GDP;term=guanosine diphosphate
GFR;term=glomerular filtration rate
GGT;term=gamma glutamyl transferase
GOAT;term=Galveston Orientation and Amnesia Test
GTT;term=glucose tolerance test
GXT;term=graded exercise test
H and H;term=hemoglobin and hematocrit
H to S;term=heel-to-shin test
H&E;term=hematoxylin and eosin
H & E;term=hematoxylin and eosin
H&H;term=hemoglobin and hematocrit
H & H;term=hemoglobin and hematocrit
Hb;term=hemoglobin
Hb%;term=hemoglobin concentration in gram per deciliter
HbA;term=hemoglobin A
HbA1c;term=glycosylated hemoglobin
HbA1g;term=glycosylated hemoglobin
HbF;term=fetal hemoglobin
HbsAg;term=hepatitis B surface antigen
HC;term=head circumference
hCG;term=human chorionic gonadotropin
Hct;term=hematocrit
HCT;term=hematocrit
HDL-C;term=high-density lipoprotein-cholesterol
HDL;term=high-density lipoprotein
HEENT;term=head, eyes, ears, nose, throat
HEENT;term=head, eyes, ears, nose, throat
Hema;term=fecal occult blood
HETE;term=hydroxyeicosatetraenoic acid
Hg;term=mercury
Hgb;term=hemoglobin
HGB;term=hemoglobin
HGPRTase;term=hypoxanthine-guanine phosphoribosyl transferase
HLA;term=human leukocyte antigen
HMG-CoA;term=3-hydroxy-3-methyl-glutaryl-CoA
HMG;term=human menopausal gonadotropin
HMGR;term=3-hydroxy-3-methyl-glutaryl-CoA reductase
HN;term=hemagglutinin-neuraminidase
HPETE;term=hydroxyeicosatetraenoic acid
hPL;term=human placental lactogen
HR;term=heart rate
HRCT;term=High-resolution computed tomography
HSC;term=human chorionic somatomammotropin
HSG;term=hysterosalpingogram
IAA;term=insulin autoantibody
ICF;term=intracellular fluid
ICG;term=impedance cardiography
ICP;term=intracranial pressure
IDL;term=intermediate-density lipoprotein
Ig;term=immunoglobulin
IgA;term=immunoglobulin A
IgD;term=immunoglobulin D
IgE;term=immunoglobulin E
IgG;term=immunoglobulin G
IgM;term=immunoglobulin M
IHC;term=immunohistochemistry
IMT;term=intima-media thickness
INR;term=international normalized ratio
IOP;term=intraocular pressure
IPS;term=intraperitoneal sounds
IQ;term=intelligence quotient
ISDN;term=isosorbide dinitrate
ISMN;term=isosorbide mononitrate
IV-DSA;term=intravenous digital subtraction angiography
IVP;term=intravenous pyelogram
IVU;term=intravenous urogram
IVUS;term=intravascular ultrasound
JVD;term=jugular vein distension
JVP;term=jugular venous pressure
KCCT;term=kaolin cephalin clotting time
KLS;term=kidney, liver, spleen
KOH;term=potassium hydroxide
KUB;term=kidneys, ureters, and bladder
L/S;term=lecithin to sphingomyelin ratio
LAP;term=leukocyte alkaline phosphatase
LDH;term=lactate dehydrogenase
LDL-C;term=low-density lipoprotein cholesterol
LDL;term=low-density lipoprotein
leu;term=leukocytes
LFT;term=liver function test
LH;term=luteinizing hormone
LHRH;term=luteinizing hormone releasing hormone
Li;term=lithium
LN;term=lymph node molecular weight heparin
LORTA;term=loss of resistance to air
Lp;term=lipoprotein
LP;term=lumbar puncture
LPL;term=lipoprotein lipase
LVEDP;term=left ventricular end diastolic pressure
LVEF;term=left ventricular ejection fraction
Ly;term=lymphocytes
lytes;term=electrolytes
M/E;term=microscopic examination
MAE;term=moves all extremities
MAP;term=mean arterial pressure
MAST;term=Michigan alcohol screening test
MBSS;term=modified barium swallow study
MC&S;term=microscopy, culture, and sensitivity
MC & S;term=microscopy, culture, and sensitivity
MCH;term=mean cell hemoglobin
MCHC;term=mean corpuscular hemoglobin concentration
MCV;term=mean corpuscular volume
MET;term=metabolic equivalent
Mg;term=magnesium
MHA-TP;term=microhemagglutination assay for T. pallidum
MIC;term=minimum inhibitory concentration
MIF;term=Müllerian inhibitory factor
MLC;term=mixed lymphocyte culture
MMFR;term=midmaximal flow rate
MMPI;term=Minnesota Multiphasic Personality Inventory
MMSE;term=mini-mental state examination
Mn;term=manganese
MPA;term=medroxyprogesterone acetate
MPO;term=myeloperoxidase
MPV;term=mean platelet volume
MRA;term=magnetic resonance angiography
MRCP;term=magnetic resonance cholangiopancreatography
MRG;term=murmurs, rubs, and gallops
MS-AFP;term=maternal serum alpha-fetoprotein
MSE;term=mental status examination
MSU;term=midstream urine sample
MVo2;term=mixed venous oxygen concentration
MVO2;term=mixed venous oxygen concentration
Na;term=sodium
NAAT;term=nuclear acid amplification test
NABS;term=normoactive bowel sounds
NAC;term=n-acetyl cysteine
NAD+;term=nicotinamide adenine dinucleotide
NBT;term=nitroblue tetrazolium
NCS;term=nerve conduction study
NCT;term=nerve conduction test
NCV;term=nerve conduction velocity
Ne;term=neutrophil granulocytes
NE;term=norepinephrine
Neg;term=negative
Ni;term=nickel
NK cells;term=natural killer cells
NPA;term=nasal pharyngeal aspirate
NRBC;term=nucleated red blood cells
NREM;term=non–rapid eye movement
NSE;term=neurospecific enolase
NSR;term=normal sinus rhythm
NST;term=non-stress test
NTX;term=N-telopeptide
OAF;term=osteoclast activating factor
OCT;term=optical coherence tomography
OGTT;term=oral glucose tolerance test
OPPT;term=oriented to person, place, and time
OTPP;term=oriented to time, place, and person
P&A;term=percussion and auscultation
P & A;term=percussion and auscultation
PAF;term=platelet activating factor
PAI-1;term=plasminogen activator inhibitor 1
PAO;term=peak acid output
PAP;term=Papanicolaou stain
PAPP-A;term=pregnancy-associated plasma protein A
Pb;term=lead
PBF;term=peripheral blood film
PCR;term=polymerase chain reaction
PCV;term=packed cell volume
PCWP;term=pulmonary capillary wedge pressure
cxr;term=chest x-ray
pcxr;term=portable chest x-ray
pCXR;term=portable chest x-ray
PDE;term=phosphodiesterase
PEA;term=pulseless electrical activity
PEEP;term=positive end expiratory pressure
PEF;term=peak expiratory flow
PEFR;term=peak expiratory flow rate
PERLA;term=pupils equal and reactive to light and accommodation
PERRL;term=pupils equal, round, reactive to light
PERRLA;term=pupils equal, round, reactive to light and accommodation
PET;term=positron-emission tomography
PFT;term=pulmonary function test
PGCS;term=Paediatric Glasgow Coma Scale
PK;term=protein kinase
PKA;term=protein kinase A
PMI;term=point of maximal impulse or apical beat
PMN;term=polymorphonuclear leukocytes
poly;term=polymorphonuclear cells
Poly;term=polymorphonuclear cells
POX;term=peroxidase
PPD;term=purified protein derivative
PRA;term=plasma renin activity
PRL;term=prolactin
PSA;term=prostate-specific antigen
PSP;term=phenylsulphtalein
PT;term=prothrombin time
PTC;term=percutaneous transhepatic cholangiography
PTHC;term=percutaneous transhepatic cholangiography
PTT;term=partial thromboplastin time
PUBS;term=percutaneous umbilical blood sample
PVR;term=pulmonary vascular resistance
PWP;term=pulmonary wedge pressure
px;term=physical examination
R&M;term=Routine + microscopic
R & M;term=Routine + microscopic
RAD;term=reflex anal dilatation
RAIU;term=thyroid reactive iodine uptake
RBC;term=red blood count
RBE;term=relative biologic equivalent
RDW;term=red cell distribution width
REM;term=rapid eye movement
RFT;term=renal function test
Rh;term=rhesus factor
RIA;term=radioimmunoassay
RIBA;term=radioimmunoblotting assay
RNA;term=ribonucleic acid
RNP;term=ribonucleoprotein
RNV;term=radionuclear ventriculography
ROM;term=range of motion
RPR;term=rapid plasma reagin test
RR;term=respiratory rate
RRR;term=regular rate and rhythm
RS cell;term=Reed-Sternberg cell
RT-PCR;term=reverse transcriptase polymerase chain reaction
RTS;term=Revised Trauma Score
RV;term=residual volume
RVSP;term=right ventricular systolic pressure
RXN;term=reaction
S1;term=first heart sound
S2;term=second heart sound
SAAG;term=serum-ascites albumin gradient
SAPS II;term=simplified acute physiology score
SAPS III;term=simplified acute physiology score
SBP;term=systolic blood pressure
scope;term=microscope or endoscope
Se;term=selenium
Sed;term=sedimentation rate
SERT;term=serotonin transporter
SGOT;term=serum glutamic oxaloacetic transaminase
SGPT;term=serum glutamic pyruvic transaminase
SHBG;term=sex hormone-binding globulin
Si;term=silicon
SLN;term=sentinel node biopsy
SLR;term=straight leg raise
SMA-6;term=six-channel serum multiple analysis
SMA-7;term=serum metabolic assay
SMA;term=sequential multiple analysis
SNB;term=sentinel node biopsy
SPECT;term=single photon emission computed tomography
SPEP;term=serum protein electrophoresis
SPET;term=single photon emission tomography
SSKI;term=potassium iodide solution
ssRNA;term=single-stranded RNA
STNR;term=symmetrical tonic neck reflex
STS;term=serological test for syphilis
SUV;term=Standardized Uptake Value
SV;term=stroke volume
SVA;term=selective visceral angiography
SVR;term=systemic vascular resistance
SXA;term=single energy X-ray absorptiometer
SXR;term=skull x-ray
TAP;term=trypsinogen activation peptide
TAT;term=thematic apperception test
TBG;term=thyroid binding globulin
TCT;term=thrombin clotting time
TdT;term=terminal deoxynucleotidyl transferase
TFTs;term=thyroid function tests
TG;term=triglycerides
TIBC;term=total iron binding capacity
TLC;term=total lung capacity
TLR;term=tonic labyrinthine reflex
TNF;term=tumor necrosis factor
TOD;term=transoesophageal Doppler
TOE;term=transoesophageal echocardiogram
TP;term=total protein
TPR;term=temperature, pulse, respiration
TSHR-Ab;term=thyrotropin-receptor antibody
TT;term=thrombin time
TTE;term=transthoracic echocardiogram
TTR;term=transthyretin
U&E;term=urea and electrolytes
U & E;term=urea and electrolytes
UBT;term=urea breath test
UDS;term=urine drug screening
UOP;term=urinary output
USR;term=unheated serum reagin
USS;term=ultrasound scan
V1;term=ventral 1
V2;term=ventral 2
V3;term=ventral 3
V4;term=ventral 4
V5;term=ventral 5
V6;term=ventral 6
VAMP;term=vesicle-associated membrane protein
VC;term=vital capacity
VDRL;term=Venereal Diseases Research Laboratory
VE;term=vaginal examination
VIP;term=vasoactive intestinal peptide
VLDL;term=very low density lipoprotein
VMA;term=vanillylmandelic acid
VNPI;term=Van Nuys prognostic scoring index
VS;term=vital signs
VZIG;term=varicella zoster immune globulin
WAIS-R;term=Wechsler adult intelligene scale revised
WBC;term=white blood cell
WDL;term=within defined limits
WISC-R;term=Wechsler intelligence scale for children revised
wt;term=weight
Wt;term=weight
Zn;term=zinc